**************************************************************************************
***  DIALOGS  *********  COUNT: 00000002  ********************************************
**************************************************************************************
***  Fillers
$	10	all_default
$	11	all_brahmin
$	12	all_citizen
$	13	all_child
$	14	all_klamath_tribal
$	17	all_dog
$	18	all_metzgers_guard
$	20	all_junktown_guard
$	21	all_shopkeeper
$	22	all_hub_policeman
$	23	all_trader
$	24	all_doctor
$	25	all_barber
$	26	all_caravaneer
$	27	all_bartender
$	28	all_bartendersafe
$	29	hub_hotelmaid
***
$	30	Gorn
$	31	Pestis
***  Special mats sellers
$	32	RUFargotraders
$	33	RUZaius
$	34	ETVCenergy
$	35	ETHubologist
$	36	CCDrhub
$	37	CCDrfung
$	38	HGSGunrunner
$	39	HGSMorningstar
$	40	KPNCRTechnic
$	41	KPSkeeter
***
$	42	tanner
$	43	Edward
***  Pre war tech buyers
$	44	Scientist
$	45	JunkyardMechanic
$	46	Collector
***
$	47	DocOetker
$	48	Jim
$	49	Ambrose
$	50	Neil
$	51	Lucas
$	52	Mechanic
$	53	Buck
$	54	Alberto
$	55	Algernon
$	56	Renesco
$	57	all_guarddog
***  Base Sellers
$	58	Adria
$	59	Diane_Colress
$	60	Duke
$	61	Edwin
$	62	Jack
$	63	Katarina
$	64	Kathleen
$	65	Mel
$	66	Ron
*** Caravans
$	67	Caravan
$	68	Caravaner
$	98	Caravan_Leader
*** Hub
$	69	HUB_Adam
$	71	HUB_Annie
$	72	HUB_Brick
$	73	HUB_Charles
$	74	HUB_Christopher
$	75	HUB_Dan_theman
$	76	HUB_Fredric
$	77	HUB_Mrs_Binderson
$	78	HUB_Willy
$	79	Matthew
$	80	Iguana_Bob
$	9502 hub_depressed
***
$	70	base_terminal
$	81	VaultNecro_Enter
$	82	VaultNecro_Main
$	83	Bookseller
$	84	geck_tragicplayer
$	85	redd_minerqm
*** Enclave fillers
$	100	enclave_veterantrooper
$	101	enclave_trooper
$	102	enclave_recruit
$	103	enclave_scientist
*** Boneyard fillers
$	110	adyt_gunrunner_guard
$	111	adyt_gunrunner_trader
$	112	adyt_blades_guard
$	113	adyt_resident
*** Bos Fillers
$	200	bos_paladin
$	201	bos_knight
$	202	bos_initiate
$	203	bos_scribe
*** Special Encounter dialogs
$	300	se_guardian_mrhandy
$	301	se_guardian_nightkin
$	302	se_guardian_vd
$	303	se_guardian_cotctech
$	304	se_guardian_eyebot
$	310	se_khan
$	311	se_bosbunker_caravan_leader
$	312	se_bosbunker_guard
$	313	se_bosbunker_guard_pass
$	314	se_bosbunker_guard_pass2
$	315	se_madmax_dog
$	316	se_head
$	317	se_village_tribal
$	318	se_village_chief
$	319	se_village_check
***
$   739 nr_t-ray
$   740 hub_car_seller
$   741 nr_salvatore
$   742 nr_mordino_big
$   801 banker
$   802 personal_base_terminal2
$   803 personal_tent_terminal
$   900 caravan_sf
$   901 caravan_vc
$   902 caravan_ncr
$	999	start_dialog
$	1000 all_supply
$	1001 event_gear
$	1900 den_bandit
$	1901 den_bekky
$	1902 den_flik
$	1903 den_joshua
$	1904 den_lara
$	1905 den_man
$	1906 den_mom
$	1907 den_ananius
$	1908 den_bar_visiter
$	1909 den_frankie
$	1910 den_joe
$	1911 den_kid
$	1912 den_laragangmember
$	1913 den_metzegers_guard
$	1914 den_tubby
$	1915 all_prostitute
$	1916 all_poorman
$	1917 all_alco
$	1918 all_narcoman
$	1919 all_guard
$	1920 all_narcodealer
$   1933 klam_aldo
$   1934 klam_smiley
$   1935 klam_jenny
$   1936 klam_sally
$   1937 klam_torr
$   1938 klam_vic
$   1939 klam_ardin
$   1940 klam_bob
$   1941 klam_majda
$   1942 klam_sajag
$   1943 klam_slim
$   1949 klam_trapper
$   1950 klam_prostitute
$   1951 klam_civilian
$   1952 klam_child
$   1953 klam_bakner_visiter
$	2000 ron_winkley
$	2001 melsak
$	2002 jt_pete
$	2003 jt_benjami
$	2004 jt_margaret
$	2005 jt_maryann
$	2006 jt_mike
$	2012 jt_bob
$	2013 jt_brock
$	2014 jt_docZacharius
$	2015 jt_durden
$	2016 jt_huberto
$	2017 jt_jeremy
$	2018 jt_joethestinker
$	2019 jt_kylee
$	2020 jt_lilliandarkwater
$	2021 jt_yoz
$	2022 jt_nursejenna
$	2023 jt_patrol
$	9501 jt_loon
$	2007 frankie
$	2008 shona
$	2009 metzger
$	2010 liana
$   2050 bh_marcus
$   2051 bh_phil
$   2052 bh_steve
$   2053 bh_micky
$   2054 bh_liz
$   2055 bh_jacob
$   2056 bh_brian
$   2057 bh_male
$   2058 bh_female
$   2059 bh_ghoul
$   2060 bh_mutant
$   2061 bh_docholliday
$   2062 bh_zaius
$   2063 bh_bill
$   2081 mod_baltas
$   2082 mod_boy
$   2083 mod_brahminman
$   2084 mod_citizen
$   2085 mod_cow
$   2086 mod_farmer
$   2087 mod_grisham
$   2088 mod_joe
$   2089 mod_baltas_wife
$   2090 mod_brahmin_boy
$   2091 mod_butcher
$   2092 mod_cornelius
$   2093 mod_davin
$   2094 mod_farrel
$   2095 mod_hose
$   2096 mod_dog
$   2097 mod_rose
$   2098 mod_major
$   2111 redd_alco
$   2112 redd_betti
$   2113 redd_citizen
$   2114 redd_fannie
$   2115 redd_fight_fanatic
$   2116 redd_hoffy
$   2117 redd_lou
$   2118 redd_miner
$   2119 redd_askorti
$   2120 redd_child
$   2121 redd_dick
$   2122 redd_farmer
$   2123 redd_guard
$   2124 redd_josh
$   2125 redd_marion
$   2126 redd_modjes
$   2127 all_gambler
$   2131 vc_bar_visitor
$   2132 vc_barman
$   2133 vc_citizen_floater
$   2134 vc_doctor_troy
$   2135 vc_fillis
$   2136 vc_holden
$   2137 vc_lilly
$   2138 vc_macrae
$   2139 vc_moore
$   2140 vc_randal
$   2141 vc_walles
$   2142 vc_barkus
$   2143 vc_citizen
$   2144 vc_darrow
$   2145 vc_ed
$   2146 vc_guard
$   2147 vc_kohl
$   2148 vc_lynette
$   2149 vc_melinda
$   2150 vc_prizoner
$   2151 vc_valery
$   2152 vc_bill
$   2153 vc_mcclure
$   2154 vc_nigel
$   2155 vc_vault_computer
$   2156 vc_vault_guard
$   2171 geck_bar_visitor
$   2172 geck_festas
$   2173 geck_hank
$   2174 geck_jeremy
$   2175 geck_lumpy
$   2176 geck_skeeter
$   2177 geck_citizen
$   2178 geck_guard
$   2179 geck_harold
$   2180 geck_lenny
$   2181 geck_persi
$   2182 geck_wooz
$   2200 sf_guard
$   2201 sf_citizen
*** followers 6000 - 6100
$	6012 follower_brahmin
*** random terminals 6101 - 6200
$   6101 implant_terminal
$   7990 sim_roompc
$   7991 sim_lobbypc
$   7992 sim_gear
$   7993 sim_pvplobby
*** 8000 - 9000 DIALOGS FOR SIMULATIONS
$   9000 enclave_recruiter
$   9300 waterpump
$   9301 jt_fridge
$   9302 adytumwell
$   9303 all_caravan_packer
$   9304 adyt_caravan_packer
$   9305 jt_caravan_packer
$   9306 all_brahmin_herdsman
$   9307 vcity_caravan_packer
$   9308 wellpump
$   9309 q_adytum_fil
$   9310 q_adytum_jeremy
$   9311 q_caravan_raider
$   9312 DeadBody
$   9313 vc_vaultdoor
$   9314 q_raider_leader
$   9315 q_enclaveofficer
$   9316 q_kenny
$   9317 jt_warren
$   9318 Tina
$   9319 hg_event
$   9320 hg_finisher
$   9321 hub_jack
$   9322 q_drifter_leader
$   9323 drifter
$   9324 q_enclave_recruit
$   9325 q_enclave_trooper
$   9326 q_enclave_guard
$   9327 q_enclave_guard_pass
$   9328 q_enclave_trader
$   9329 q_enclave_dock_box1
$   9330 q_enclave_dock_box2
$   9331 q_enclave_dock_box_all
$   9332 bosoutpost
$   9333 brotherhood_recruiter
$   9334 brotherhood_scribe_kendrick
$   9335 brotherhood_barrackguard
$   9336 q_bos_vertibird_engine
$   9337 bos_scribestorage
$   9338 bos_armory
$   9339 outfitmanequin
$   9340 outfitseller
$   9341 furnitureseller
$   9342 bone_tape
$   9343 wave_farm
$   9344 toxcavcomp
$   9345 q_boydroyce
$   9346 q_aviatorgen1
$   9347 q_aviatorgen2
$   9348 courier_ncr
$   9349 courier_adyt
$   9350 courier_vc
$   9351 courier_sf
$   9352 jt_redneck_antdef
$   9353 hub_thomas_farmdef
$   9354 hub_lucas_white
$   9355 bone_rick_metrodef
$   9356 cleaningbot
$   9357 jt_shopkeeper
$   9358 madman
$	9503 shelter_vayne
$	9800 event_miniquest_farmer
$	9801 event_miniquest_guard
$	9802 event_miniquest_alco
$	9803 event_miniquest_child
$	9804 event_miniquest_prostitute
$	9805 event_minisale_citizen
$	9806 event_minisale_narcodealer
$	9807 event_minisale_supplies
$	9808 event_miniquest_fire_gecko
$	9809 event_miniquest_bp
$	10000 house_seller
$	10010 house_seller_hub
$   10001 ZAX_1.2
$   10002 Zob
$   10003 Rombie
$   10004 glowdoor
$   10005 glowholo
$   10006 SADlevel2
$   10007 SADlevel4
$   5041 Eye_Bot
$   5040 Robobrain
$   5042 Sentry_Bot
$   5044 Sentry_Turret
$   5045 sierraturrets
$   5046 Skynet
$   5047 NCRdoorman
$   5048 NCRteleport
$   5049 NCRarmor
$   5050 jt_door
$   5051 NCRguard
$   5052 ncr_suite_in
$   5053 ncr_suite_out
$   5054 ncr_suite_forcefield
$   5055 ncr_maingate
$   5056 ncr_voting
$   5057 ncr_citizenship
$   5058 rocketball_entrance
$   5059 rocketball_bartender
$   5060 rocketball_food
$   5061 rocketball_drugs
$   5062 bos_tutorial
$	11001 quest_event
$   11002 nr_mordino_lil_jesus
$	11003 nr_chris_wright
$	11004 sf_scribe_matthew
$	11005 5vs5_enclave_patrol
$	11006 nr_wright_orvill
$	11007 nr_bishop
$   11008 sc_event_manager
$   11009 mariposa_terminal1
$   11010 mariposa_terminal2
$   11011 mariposa_terminal3
$   11012 mariposa_crazy_mike
$   11013 mariposa_scientist
************************************************************
